16:07:56 **** Incremental Build of configuration Debug for project UartTransmitString ****
make -j16 all 
arm-none-eabi-gcc "../Src/main.c" -mcpu=cortex-m4 -std=gnu11 -g3 -DDEBUG -DSTM32 -DSTM32F4 -DSTM32F407VGTx -c -I../Inc -O0 -ffunction-sections -fdata-sections -Wall -fstack-usage -fcyclomatic-complexity -MMD -MP -MF"Src/main.d" -MT"Src/main.o" --specs=nano.specs -mfloat-abi=soft -mthumb -o "Src/main.o"
arm-none-eabi-gcc -o "UartTransmitString.elf" @"objects.list"   -mcpu=cortex-m4 -T"C:\Users\u27m71\Documents\80 Workspace\Embedded_Workspace\stm32f407\UartTransmitString\STM32F407VGTX_FLASH.ld" --specs=nosys.specs -Wl,-Map="UartTransmitString.map" -Wl,--gc-sections -static --specs=nano.specs -mfloat-abi=soft -mthumb -Wl,--start-group -lc -lm -Wl,--end-group
Finished building target: UartTransmitString.elf
 
arm-none-eabi-size  UartTransmitString.elf 
arm-none-eabi-objdump -h -S UartTransmitString.elf  > "UartTransmitString.list"
   text	   data	    bss	    dec	    hex	filename
   5008	    104	   1904	   7016	   1b68	UartTransmitString.elf
Finished building: default.size.stdout
 
Finished building: UartTransmitString.list
 
