15:46:40 **** Incremental Build of configuration Debug for project TimerInputCaptureMode ****
make -j16 all 
arm-none-eabi-gcc "../Src/main.c" -mcpu=cortex-m4 -std=gnu11 -g3 -DDEBUG -DSTM32 -DSTM32F4 -DSTM32F407VGTx -c -I../Inc -O0 -ffunction-sections -fdata-sections -Wall -fstack-usage -fcyclomatic-complexity -MMD -MP -MF"Src/main.d" -MT"Src/main.o" --specs=nano.specs -mfloat-abi=soft -mthumb -o "Src/main.o"
arm-none-eabi-gcc -o "TimerInputCaptureMode.elf" @"objects.list"   -mcpu=cortex-m4 -T"C:\Users\u27m71\Documents\80 Workspace\Embedded_Workspace\stm32f407\TimerInputCaptureMode\STM32F407VGTX_FLASH.ld" --specs=nosys.specs -Wl,-Map="TimerInputCaptureMode.map" -Wl,--gc-sections -static --specs=nano.specs -mfloat-abi=soft -mthumb -Wl,--start-group -lc -lm -Wl,--end-group
Finished building target: TimerInputCaptureMode.elf
 
arm-none-eabi-size  TimerInputCaptureMode.elf 
arm-none-eabi-objdump -h -S TimerInputCaptureMode.elf  > "TimerInputCaptureMode.list"
   text	   data	    bss	    dec	    hex	filename
   1188	     16	   1568	   2772	    ad4	TimerInputCaptureMode.elf
Finished building: default.size.stdout
 
Finished building: TimerInputCaptureMode.list
 

15:46:40 Build Finished. 0 errors, 0 warnings. (took 476ms)

